CPU info:
Architecture:        x86_64
CPU op-mode(s):      32-bit, 64-bit
Byte Order:          Little Endian
CPU(s):              8
On-line CPU(s) list: 0-7
Thread(s) per core:  1
Core(s) per socket:  1
Socket(s):           8
NUMA node(s):        1
Vendor ID:           GenuineIntel
CPU family:          6
Model:               42
Model name:          Intel(R) Xeon(R) CPU E31270 @ 3.40GHz
Stepping:            7
CPU MHz:             3392.294
BogoMIPS:            6784.58
Hypervisor vendor:   VMware
Virtualization type: full
L1d cache:           32K
L1i cache:           32K
L2 cache:            256K
L3 cache:            8192K
NUMA node0 CPU(s):   0-7
Flags:               fpu vme de pse tsc msr pae mce cx8 apic sep mtrr pge mca cmov pat pse36 clflush mmx fxsr sse sse2 ss syscall nx rdtscp lm constant_tsc arch_perfmon nopl xtopology tsc_reliable nonstop_tsc cpuid pni pclmulqdq ssse3 cx16 pcid sse4_1 sse4_2 x2apic popcnt tsc_deadline_timer aes xsave avx hypervisor lahf_lm pti retpoline tsc_adjust arat


Memory:
              total        used        free      shared  buff/cache   available
Mem:        4016788      386952      784844       39456     2844992     3300824
Swap:       6344644       59200     6285444


Storage:
Filesystem      Size  Used Avail Use% Mounted on
/dev/sdb1        54G   23G   31G  43% /home
